Release 14.6 - xst P.68d (nt64)
Copyright (c) 1995-2013 Xilinx, Inc.  All rights reserved.
--> Parameter TMPDIR set to xst/projnav.tmp


Total REAL time to Xst completion: 0.00 secs
Total CPU time to Xst completion: 0.11 secs
 
--> Parameter xsthdpdir set to xst


Total REAL time to Xst completion: 0.00 secs
Total CPU time to Xst completion: 0.11 secs
 
--> Reading design: NERP_demo_top.prj

TABLE OF CONTENTS
  1) Synthesis Options Summary
  2) HDL Parsing
  3) HDL Elaboration
  4) HDL Synthesis
       4.1) HDL Synthesis Report
  5) Advanced HDL Synthesis
       5.1) Advanced HDL Synthesis Report
  6) Low Level Synthesis
  7) Partition Report
  8) Design Summary
       8.1) Primitive and Black Box Usage
       8.2) Device utilization summary
       8.3) Partition Resource Summary
       8.4) Timing Report
            8.4.1) Clock Information
            8.4.2) Asynchronous Control Signals Information
            8.4.3) Timing Summary
            8.4.4) Timing Details
            8.4.5) Cross Clock Domains Report


=========================================================================
*                      Synthesis Options Summary                        *
=========================================================================
---- Source Parameters
Input File Name                    : "NERP_demo_top.prj"
Ignore Synthesis Constraint File   : NO

---- Target Parameters
Output File Name                   : "NERP_demo_top"
Output Format                      : NGC
Target Device                      : xc6slx16-3-csg324

---- Source Options
Top Module Name                    : NERP_demo_top
Automatic FSM Extraction           : YES
FSM Encoding Algorithm             : Auto
Safe Implementation                : No
FSM Style                          : LUT
RAM Extraction                     : Yes
RAM Style                          : Auto
ROM Extraction                     : Yes
Shift Register Extraction          : YES
ROM Style                          : Auto
Resource Sharing                   : YES
Asynchronous To Synchronous        : NO
Shift Register Minimum Size        : 2
Use DSP Block                      : Auto
Automatic Register Balancing       : No

---- Target Options
LUT Combining                      : Auto
Reduce Control Sets                : Auto
Add IO Buffers                     : YES
Global Maximum Fanout              : 100000
Add Generic Clock Buffer(BUFG)     : 16
Register Duplication               : YES
Optimize Instantiated Primitives   : NO
Use Clock Enable                   : Auto
Use Synchronous Set                : Auto
Use Synchronous Reset              : Auto
Pack IO Registers into IOBs        : Auto
Equivalent register Removal        : YES

---- General Options
Optimization Goal                  : Speed
Optimization Effort                : 1
Power Reduction                    : NO
Keep Hierarchy                     : No
Netlist Hierarchy                  : As_Optimized
RTL Output                         : Yes
Global Optimization                : AllClockNets
Read Cores                         : YES
Write Timing Constraints           : NO
Cross Clock Analysis               : NO
Hierarchy Separator                : /
Bus Delimiter                      : <>
Case Specifier                     : Maintain
Slice Utilization Ratio            : 100
BRAM Utilization Ratio             : 100
DSP48 Utilization Ratio            : 100
Auto BRAM Packing                  : NO
Slice Utilization Ratio Delta      : 5

=========================================================================


=========================================================================
*                          HDL Parsing                                  *
=========================================================================
Analyzing Verilog file "C:\Users\152\M152A-project\update_joy2.v" into library work
Parsing module <update_joy2>.
Analyzing Verilog file "C:\Users\152\M152A-project\update_joy1.v" into library work
Parsing module <update_joy1>.
Analyzing Verilog file "C:\Users\152\M152A-project\mover.v" into library work
Parsing module <mover>.
Analyzing Verilog file "C:\Users\152\M152A-project\joy_interface.v" into library work
Parsing module <joy_interface>.
Analyzing Verilog file "C:\Users\152\M152A-project\joy_control.v" into library work
Parsing module <joy_control>.
WARNING:HDLCompiler:751 - "C:\Users\152\M152A-project\joy_control.v" Line 12: Redeclaration of ansi port SS is not allowed
Analyzing Verilog file "C:\Users\152\M152A-project\vga640x480.v" into library work
Parsing module <vga640x480>.
Analyzing Verilog file "C:\Users\152\M152A-project\segdisplay.v" into library work
Parsing module <segdisplay>.
Analyzing Verilog file "C:\Users\152\M152A-project\joy.v" into library work
Parsing module <joy>.
Analyzing Verilog file "C:\Users\152\M152A-project\clockdiv.v" into library work
Parsing module <clockdiv>.
Analyzing Verilog file "C:\Users\152\M152A-project\bounce.v" into library work
Parsing module <bounce>.
Analyzing Verilog file "C:\Users\152\M152A-project\NERP_demo_top.v" into library work
Parsing module <NERP_demo_top>.
WARNING:HDLCompiler:751 - "C:\Users\152\M152A-project\NERP_demo_top.v" Line 98: Redeclaration of ansi port SS_1 is not allowed
WARNING:HDLCompiler:751 - "C:\Users\152\M152A-project\NERP_demo_top.v" Line 99: Redeclaration of ansi port MOSI_1 is not allowed
WARNING:HDLCompiler:751 - "C:\Users\152\M152A-project\NERP_demo_top.v" Line 100: Redeclaration of ansi port SCLK_1 is not allowed
WARNING:HDLCompiler:751 - "C:\Users\152\M152A-project\NERP_demo_top.v" Line 128: Redeclaration of ansi port SS_2 is not allowed
WARNING:HDLCompiler:751 - "C:\Users\152\M152A-project\NERP_demo_top.v" Line 129: Redeclaration of ansi port MOSI_2 is not allowed
WARNING:HDLCompiler:751 - "C:\Users\152\M152A-project\NERP_demo_top.v" Line 130: Redeclaration of ansi port SCLK_2 is not allowed

=========================================================================
*                            HDL Elaboration                            *
=========================================================================
WARNING:HDLCompiler:1016 - "C:\Users\152\M152A-project\NERP_demo_top.v" Line 154: Port dot_x_1 is not connected to this instance

Elaborating module <NERP_demo_top>.

Elaborating module <bounce>.
WARNING:HDLCompiler:413 - "C:\Users\152\M152A-project\bounce.v" Line 55: Result of 2-bit expression is truncated to fit in 1-bit target.

Elaborating module <clockdiv>.
WARNING:HDLCompiler:413 - "C:\Users\152\M152A-project\clockdiv.v" Line 41: Result of 19-bit expression is truncated to fit in 18-bit target.

Elaborating module <segdisplay>.

Elaborating module <joy>.

Elaborating module <joy_control>.
WARNING:HDLCompiler:413 - "C:\Users\152\M152A-project\joy_control.v" Line 26: Result of 32-bit expression is truncated to fit in 3-bit target.
WARNING:HDLCompiler:413 - "C:\Users\152\M152A-project\joy_control.v" Line 36: Result of 4-bit expression is truncated to fit in 3-bit target.
WARNING:HDLCompiler:413 - "C:\Users\152\M152A-project\joy_control.v" Line 47: Result of 32-bit expression is truncated to fit in 3-bit target.
WARNING:HDLCompiler:413 - "C:\Users\152\M152A-project\joy_control.v" Line 55: Result of 32-bit expression is truncated to fit in 3-bit target.
WARNING:HDLCompiler:413 - "C:\Users\152\M152A-project\joy_control.v" Line 63: Result of 32-bit expression is truncated to fit in 3-bit target.

Elaborating module <joy_interface>.
WARNING:HDLCompiler:413 - "C:\Users\152\M152A-project\joy_interface.v" Line 36: Result of 32-bit expression is truncated to fit in 2-bit target.
WARNING:HDLCompiler:413 - "C:\Users\152\M152A-project\joy_interface.v" Line 50: Result of 6-bit expression is truncated to fit in 5-bit target.
WARNING:HDLCompiler:413 - "C:\Users\152\M152A-project\joy_interface.v" Line 52: Result of 32-bit expression is truncated to fit in 2-bit target.
WARNING:HDLCompiler:413 - "C:\Users\152\M152A-project\NERP_demo_top.v" Line 142: Result of 10-bit expression is truncated to fit in 8-bit target.

Elaborating module <vga640x480>.
WARNING:HDLCompiler:872 - "C:\Users\152\M152A-project\vga640x480.v" Line 94: Using initial value of speed_x since it is never assigned
WARNING:HDLCompiler:872 - "C:\Users\152\M152A-project\vga640x480.v" Line 95: Using initial value of speed_y since it is never assigned
WARNING:HDLCompiler:872 - "C:\Users\152\M152A-project\vga640x480.v" Line 135: Using initial value of write_enable since it is never assigned
WARNING:HDLCompiler:872 - "C:\Users\152\M152A-project\vga640x480.v" Line 143: Using initial value of write_address since it is never assigned
WARNING:HDLCompiler:872 - "C:\Users\152\M152A-project\vga640x480.v" Line 144: Using initial value of input_data since it is never assigned
Reading initialization file \"image2.txt\".
WARNING:HDLCompiler:413 - "C:\Users\152\M152A-project\vga640x480.v" Line 84: Result of 32-bit expression is truncated to fit in 11-bit target.
WARNING:HDLCompiler:413 - "C:\Users\152\M152A-project\vga640x480.v" Line 85: Result of 32-bit expression is truncated to fit in 11-bit target.
WARNING:HDLCompiler:413 - "C:\Users\152\M152A-project\vga640x480.v" Line 86: Result of 11-bit expression is truncated to fit in 1-bit target.
WARNING:HDLCompiler:1127 - "C:\Users\152\M152A-project\vga640x480.v" Line 86: Assignment to temp_rom_addr_board ignored, since the identifier is never used
WARNING:HDLCompiler:413 - "C:\Users\152\M152A-project\vga640x480.v" Line 87: Result of 11-bit expression is truncated to fit in 1-bit target.
WARNING:HDLCompiler:1127 - "C:\Users\152\M152A-project\vga640x480.v" Line 87: Assignment to temp_rom_pix_board ignored, since the identifier is never used

Elaborating module <update_joy1>.
WARNING:HDLCompiler:413 - "C:\Users\152\M152A-project\update_joy1.v" Line 55: Result of 11-bit expression is truncated to fit in 10-bit target.
WARNING:HDLCompiler:413 - "C:\Users\152\M152A-project\update_joy1.v" Line 56: Result of 11-bit expression is truncated to fit in 10-bit target.
WARNING:HDLCompiler:413 - "C:\Users\152\M152A-project\update_joy1.v" Line 60: Result of 32-bit expression is truncated to fit in 10-bit target.
WARNING:HDLCompiler:413 - "C:\Users\152\M152A-project\update_joy1.v" Line 61: Result of 32-bit expression is truncated to fit in 10-bit target.
WARNING:HDLCompiler:413 - "C:\Users\152\M152A-project\update_joy1.v" Line 66: Result of 32-bit expression is truncated to fit in 10-bit target.
WARNING:HDLCompiler:413 - "C:\Users\152\M152A-project\update_joy1.v" Line 67: Result of 32-bit expression is truncated to fit in 10-bit target.
WARNING:HDLCompiler:413 - "C:\Users\152\M152A-project\update_joy1.v" Line 71: Result of 11-bit expression is truncated to fit in 10-bit target.
WARNING:HDLCompiler:413 - "C:\Users\152\M152A-project\update_joy1.v" Line 72: Result of 11-bit expression is truncated to fit in 10-bit target.

Elaborating module <update_joy2>.
WARNING:HDLCompiler:413 - "C:\Users\152\M152A-project\update_joy2.v" Line 55: Result of 11-bit expression is truncated to fit in 10-bit target.
WARNING:HDLCompiler:413 - "C:\Users\152\M152A-project\update_joy2.v" Line 56: Result of 11-bit expression is truncated to fit in 10-bit target.
WARNING:HDLCompiler:413 - "C:\Users\152\M152A-project\update_joy2.v" Line 60: Result of 32-bit expression is truncated to fit in 10-bit target.
WARNING:HDLCompiler:413 - "C:\Users\152\M152A-project\update_joy2.v" Line 61: Result of 32-bit expression is truncated to fit in 10-bit target.
WARNING:HDLCompiler:413 - "C:\Users\152\M152A-project\update_joy2.v" Line 66: Result of 32-bit expression is truncated to fit in 10-bit target.
WARNING:HDLCompiler:413 - "C:\Users\152\M152A-project\update_joy2.v" Line 67: Result of 32-bit expression is truncated to fit in 10-bit target.
WARNING:HDLCompiler:413 - "C:\Users\152\M152A-project\update_joy2.v" Line 71: Result of 11-bit expression is truncated to fit in 10-bit target.
WARNING:HDLCompiler:413 - "C:\Users\152\M152A-project\update_joy2.v" Line 72: Result of 11-bit expression is truncated to fit in 10-bit target.

Elaborating module <mover>.
WARNING:HDLCompiler:189 - "C:\Users\152\M152A-project\vga640x480.v" Line 129: Size mismatch in connection of port <delta_x>. Formal port size is 5-bit while actual signal size is 4-bit.
WARNING:HDLCompiler:189 - "C:\Users\152\M152A-project\vga640x480.v" Line 130: Size mismatch in connection of port <delta_y>. Formal port size is 5-bit while actual signal size is 4-bit.
WARNING:HDLCompiler:413 - "C:\Users\152\M152A-project\vga640x480.v" Line 183: Result of 11-bit expression is truncated to fit in 10-bit target.
WARNING:HDLCompiler:413 - "C:\Users\152\M152A-project\vga640x480.v" Line 198: Result of 11-bit expression is truncated to fit in 10-bit target.
WARNING:HDLCompiler:1127 - "C:\Users\152\M152A-project\vga640x480.v" Line 166: Assignment to hc_nojump ignored, since the identifier is never used
WARNING:HDLCompiler:413 - "C:\Users\152\M152A-project\vga640x480.v" Line 212: Result of 32-bit expression is truncated to fit in 1-bit target.
WARNING:HDLCompiler:413 - "C:\Users\152\M152A-project\vga640x480.v" Line 213: Result of 32-bit expression is truncated to fit in 1-bit target.

=========================================================================
*                           HDL Synthesis                               *
=========================================================================

Synthesizing Unit <NERP_demo_top>.
    Related source file is "C:\Users\152\M152A-project\NERP_demo_top.v".
INFO:Xst:3210 - "C:\Users\152\M152A-project\NERP_demo_top.v" line 154: Output port <dot_x_1> of the instance <U3> is unconnected or connected to loadless signal.
INFO:Xst:3210 - "C:\Users\152\M152A-project\NERP_demo_top.v" line 154: Output port <dot_y_1> of the instance <U3> is unconnected or connected to loadless signal.
INFO:Xst:3210 - "C:\Users\152\M152A-project\NERP_demo_top.v" line 154: Output port <dot_x_2> of the instance <U3> is unconnected or connected to loadless signal.
INFO:Xst:3210 - "C:\Users\152\M152A-project\NERP_demo_top.v" line 154: Output port <dot_y_2> of the instance <U3> is unconnected or connected to loadless signal.
INFO:Xst:3210 - "C:\Users\152\M152A-project\NERP_demo_top.v" line 154: Output port <puck_x> of the instance <U3> is unconnected or connected to loadless signal.
INFO:Xst:3210 - "C:\Users\152\M152A-project\NERP_demo_top.v" line 154: Output port <puck_y> of the instance <U3> is unconnected or connected to loadless signal.
    Summary:
	no macro.
Unit <NERP_demo_top> synthesized.

Synthesizing Unit <bounce>.
    Related source file is "C:\Users\152\M152A-project\bounce.v".
    Found 1-bit register for signal <button_first_press>.
    Found 32-bit register for signal <counter>.
    Found 1-bit register for signal <button_state_reg<0>>.
    Found 32-bit adder for signal <counter[31]_GND_2_o_add_1_OUT> created at line 37.
    Found 32-bit comparator greater for signal <GND_2_o_INV_1_o> created at line 38
    Summary:
	inferred   1 Adder/Subtractor(s).
	inferred  34 D-type flip-flop(s).
	inferred   1 Comparator(s).
Unit <bounce> synthesized.

Synthesizing Unit <clockdiv>.
    Related source file is "C:\Users\152\M152A-project\clockdiv.v".
    Found 18-bit register for signal <q>.
    Found 18-bit adder for signal <q[17]_GND_3_o_add_1_OUT> created at line 41.
    Summary:
	inferred   1 Adder/Subtractor(s).
	inferred  18 D-type flip-flop(s).
Unit <clockdiv> synthesized.

Synthesizing Unit <segdisplay>.
    Related source file is "C:\Users\152\M152A-project\segdisplay.v".
        N = 7'b1001000
        E = 7'b0000110
        R = 7'b1001100
        P = 7'b0001100
        left = 2'b00
        midleft = 2'b01
        midright = 2'b10
        right = 2'b11
    Found 4-bit register for signal <an>.
    Found 7-bit register for signal <seg>.
    Found 2-bit register for signal <state>.
    Found finite state machine <FSM_0> for signal <state>.
    -----------------------------------------------------------------------
    | States             | 4                                              |
    | Transitions        | 4                                              |
    | Inputs             | 0                                              |
    | Outputs            | 8                                              |
    | Clock              | segclk (rising_edge)                           |
    | Reset              | clr (positive)                                 |
    | Reset type         | asynchronous                                   |
    | Reset State        | 00                                             |
    | Encoding           | auto                                           |
    | Implementation     | LUT                                            |
    -----------------------------------------------------------------------
    Summary:
	inferred  11 D-type flip-flop(s).
	inferred   1 Finite State Machine(s).
Unit <segdisplay> synthesized.

Synthesizing Unit <joy>.
    Related source file is "C:\Users\152\M152A-project\joy.v".
    Found 1-bit register for signal <clk_joy>.
    Found 32-bit register for signal <counter_joy>.
    Found 32-bit adder for signal <counter_joy[31]_GND_6_o_add_2_OUT> created at line 20.
    Summary:
	inferred   1 Adder/Subtractor(s).
	inferred  33 D-type flip-flop(s).
Unit <joy> synthesized.

Synthesizing Unit <joy_control>.
    Related source file is "C:\Users\152\M152A-project\joy_control.v".
    Found 1-bit register for signal <getByte>.
    Found 40-bit register for signal <DOUT>.
    Found 3-bit register for signal <pState>.
    Found 40-bit register for signal <tmpSR>.
    Found 3-bit register for signal <byteCnt>.
    Found 1-bit register for signal <SS>.
    Found 3-bit adder for signal <byteCnt[2]_GND_7_o_add_2_OUT> created at line 36.
    Summary:
	inferred   1 Adder/Subtractor(s).
	inferred  88 D-type flip-flop(s).
	inferred  10 Multiplexer(s).
Unit <joy_control> synthesized.

Synthesizing Unit <joy_interface>.
    Related source file is "C:\Users\152\M152A-project\joy_interface.v".
    Found 1-bit register for signal <CE>.
    Found 1-bit register for signal <BUSY>.
    Found 5-bit register for signal <bitCount>.
    Found 2-bit register for signal <pState>.
    Found 8-bit register for signal <rSR>.
    Found 5-bit adder for signal <bitCount[4]_GND_8_o_add_8_OUT> created at line 50.
    Found 4x1-bit Read Only RAM for signal <pState[1]_PWR_7_o_Mux_13_o>
    Found 2-bit 4-to-1 multiplexer for signal <pState[1]_GND_8_o_wide_mux_15_OUT> created at line 30.
    Found 5-bit comparator greater for signal <bitCount[4]_GND_8_o_LessThan_10_o> created at line 51
    Summary:
	inferred   1 RAM(s).
	inferred   1 Adder/Subtractor(s).
	inferred  17 D-type flip-flop(s).
	inferred   1 Comparator(s).
	inferred   2 Multiplexer(s).
Unit <joy_interface> synthesized.

Synthesizing Unit <vga640x480>.
    Related source file is "C:\Users\152\M152A-project\vga640x480.v".
        hpixels = 800
        vlines = 521
        hpulse = 96
        vpulse = 2
        hbp = 144
        hfp = 784
        vbp = 31
        vfp = 511
        W_board = 256
        H_board = 256
        RAM_WIDTH = 8
        RAM_ADDR_BITS = 16
WARNING:Xst - Value "{AUTO | BLOCK |  BLOCK_POWER1 | BLOCK_POWER2}" of property "RAM_STYLE" is not applicable. List of valid values is "auto, block, block_power1, block_power2, distributed, pipe_block, pipe_distributed" 
WARNING:Xst:2999 - Signal 'ram_name_board', unconnected in block 'vga640x480', is tied to its initial value.
    Found 65536x8-bit single-port Read Only RAM <Mram_ram_name_board> for signal <ram_name_board>.
    Found 10-bit register for signal <hc>.
    Found 10-bit register for signal <vc>.
    Found 32-bit register for signal <counter_cursor>.
    Found 1-bit register for signal <clk_cursor>.
    Found 1-bit register for signal <prev_clk_cursor>.
    Found 8-bit register for signal <output_data_board>.
    Found 11-bit subtractor for signal <GND_9_o_GND_9_o_sub_3_OUT> created at line 84.
    Found 11-bit subtractor for signal <GND_9_o_GND_9_o_sub_5_OUT> created at line 85.
    Found 11-bit subtractor for signal <GND_9_o_GND_9_o_sub_51_OUT> created at line 262.
    Found 11-bit subtractor for signal <GND_9_o_GND_9_o_sub_54_OUT> created at line 262.
    Found 11-bit subtractor for signal <GND_9_o_GND_9_o_sub_62_OUT> created at line 268.
    Found 11-bit subtractor for signal <GND_9_o_GND_9_o_sub_65_OUT> created at line 268.
    Found 32-bit adder for signal <counter_cursor[31]_GND_9_o_add_13_OUT> created at line 160.
    Found 10-bit adder for signal <hc[9]_GND_9_o_add_19_OUT> created at line 183.
    Found 10-bit adder for signal <vc[9]_GND_9_o_add_21_OUT> created at line 198.
    Found 32-bit adder for signal <GND_9_o_GND_9_o_add_56_OUT> created at line 262.
    Found 32-bit adder for signal <GND_9_o_GND_9_o_add_67_OUT> created at line 268.
    Found 8-bit subtractor for signal <rom_addr_board<7:0>> created at line 79.
    Found 8-bit subtractor for signal <rom_pix_board<7:0>> created at line 79.
    Found 32x32-bit multiplier for signal <n0114> created at line 262.
    Found 32x32-bit multiplier for signal <n0116> created at line 262.
    Found 32x32-bit multiplier for signal <n0122> created at line 268.
    Found 32x32-bit multiplier for signal <n0124> created at line 268.
    Found 10-bit comparator greater for signal <hc[9]_PWR_8_o_LessThan_19_o> created at line 182
    Found 10-bit comparator greater for signal <vc[9]_PWR_8_o_LessThan_21_o> created at line 197
    Found 10-bit comparator greater for signal <hc[9]_GND_9_o_LessThan_30_o> created at line 212
    Found 10-bit comparator greater for signal <vc[9]_GND_9_o_LessThan_32_o> created at line 213
    Found 12-bit comparator lessequal for signal <n0031> created at line 224
    Found 13-bit comparator greater for signal <GND_9_o_BUS_0006_LessThan_38_o> created at line 224
    Found 12-bit comparator lessequal for signal <n0037> created at line 224
    Found 13-bit comparator greater for signal <GND_9_o_BUS_0009_LessThan_43_o> created at line 224
    Found 32-bit comparator greater for signal <GND_9_o_GND_9_o_LessThan_58_o> created at line 262
    Found 32-bit comparator greater for signal <GND_9_o_GND_9_o_LessThan_69_o> created at line 268
    Summary:
	inferred   1 RAM(s).
	inferred   4 Multiplier(s).
	inferred  13 Adder/Subtractor(s).
	inferred  62 D-type flip-flop(s).
	inferred  10 Comparator(s).
	inferred  14 Multiplexer(s).
Unit <vga640x480> synthesized.

Synthesizing Unit <update_joy1>.
    Related source file is "C:\Users\152\M152A-project\update_joy1.v".
        hbp = 144
        hfp = 784
        vbp = 31
        vfp = 511
        init_x = 204
        init_y = 271
        x_lb = 209
        x_ub = 339
        y_lb = 86
        y_ub = 456
    Found 10-bit register for signal <dot_y>.
    Found 10-bit register for signal <dot_x>.
    Found 10-bit adder for signal <dot_x[9]_GND_10_o_add_6_OUT> created at line 55.
    Found 10-bit adder for signal <dot_x[9]_GND_10_o_add_8_OUT> created at line 56.
    Found 10-bit adder for signal <dot_y[9]_GND_10_o_add_32_OUT> created at line 71.
    Found 10-bit adder for signal <dot_y[9]_GND_10_o_add_34_OUT> created at line 72.
    Found 10-bit subtractor for signal <GND_10_o_GND_10_o_sub_16_OUT<9:0>> created at line 60.
    Found 10-bit subtractor for signal <GND_10_o_GND_10_o_sub_19_OUT<9:0>> created at line 61.
    Found 10-bit subtractor for signal <GND_10_o_GND_10_o_sub_25_OUT<9:0>> created at line 66.
    Found 10-bit subtractor for signal <GND_10_o_GND_10_o_sub_27_OUT<9:0>> created at line 67.
    Found 10-bit comparator greater for signal <dot_x[9]_GND_10_o_LessThan_5_o> created at line 53
    Found 10-bit comparator greater for signal <joy_x[9]_GND_10_o_LessThan_6_o> created at line 55
    Found 10-bit comparator lessequal for signal <joy_x[9]_GND_10_o_LessThan_8_o> created at line 56
    Found 10-bit comparator greater for signal <GND_10_o_dot_x[9]_LessThan_13_o> created at line 58
    Found 10-bit comparator greater for signal <PWR_11_o_joy_x[9]_LessThan_14_o> created at line 60
    Found 10-bit comparator greater for signal <GND_10_o_dot_x[9]_LessThan_15_o> created at line 60
    Found 10-bit comparator greater for signal <PWR_11_o_joy_x[9]_LessThan_17_o> created at line 61
    Found 10-bit comparator greater for signal <GND_10_o_dot_x[9]_LessThan_18_o> created at line 61
    Found 10-bit comparator greater for signal <GND_10_o_dot_y[9]_LessThan_23_o> created at line 64
    Found 10-bit comparator greater for signal <joy_y[9]_GND_10_o_LessThan_24_o> created at line 66
    Found 10-bit comparator lessequal for signal <joy_y[9]_GND_10_o_LessThan_26_o> created at line 67
    Found 10-bit comparator greater for signal <dot_y[9]_GND_10_o_LessThan_31_o> created at line 69
    Found 10-bit comparator greater for signal <PWR_11_o_joy_y[9]_LessThan_32_o> created at line 71
    Found 10-bit comparator greater for signal <PWR_11_o_joy_y[9]_LessThan_34_o> created at line 72
    Summary:
	inferred   8 Adder/Subtractor(s).
	inferred  20 D-type flip-flop(s).
	inferred  14 Comparator(s).
	inferred  12 Multiplexer(s).
Unit <update_joy1> synthesized.

Synthesizing Unit <update_joy2>.
    Related source file is "C:\Users\152\M152A-project\update_joy2.v".
        hbp = 144
        hfp = 784
        vbp = 31
        vfp = 511
        init_x = 724
        init_y = 271
        x_lb = 589
        x_ub = 719
        y_lb = 86
        y_ub = 456
    Found 10-bit register for signal <dot_y>.
    Found 10-bit register for signal <dot_x>.
    Found 10-bit adder for signal <dot_x[9]_GND_12_o_add_6_OUT> created at line 55.
    Found 10-bit adder for signal <dot_x[9]_GND_12_o_add_8_OUT> created at line 56.
    Found 10-bit adder for signal <dot_y[9]_GND_12_o_add_32_OUT> created at line 71.
    Found 10-bit adder for signal <dot_y[9]_GND_12_o_add_34_OUT> created at line 72.
    Found 10-bit subtractor for signal <GND_12_o_GND_12_o_sub_16_OUT<9:0>> created at line 60.
    Found 10-bit subtractor for signal <GND_12_o_GND_12_o_sub_19_OUT<9:0>> created at line 61.
    Found 10-bit subtractor for signal <GND_12_o_GND_12_o_sub_25_OUT<9:0>> created at line 66.
    Found 10-bit subtractor for signal <GND_12_o_GND_12_o_sub_27_OUT<9:0>> created at line 67.
    Found 10-bit comparator greater for signal <dot_x[9]_PWR_12_o_LessThan_5_o> created at line 53
    Found 10-bit comparator greater for signal <joy_x[9]_GND_12_o_LessThan_6_o> created at line 55
    Found 10-bit comparator lessequal for signal <joy_x[9]_GND_12_o_LessThan_8_o> created at line 56
    Found 10-bit comparator greater for signal <PWR_12_o_dot_x[9]_LessThan_13_o> created at line 58
    Found 10-bit comparator greater for signal <PWR_12_o_joy_x[9]_LessThan_14_o> created at line 60
    Found 10-bit comparator greater for signal <GND_12_o_dot_x[9]_LessThan_15_o> created at line 60
    Found 10-bit comparator greater for signal <PWR_12_o_joy_x[9]_LessThan_17_o> created at line 61
    Found 10-bit comparator greater for signal <GND_12_o_dot_x[9]_LessThan_18_o> created at line 61
    Found 10-bit comparator greater for signal <GND_12_o_dot_y[9]_LessThan_23_o> created at line 64
    Found 10-bit comparator greater for signal <joy_y[9]_GND_12_o_LessThan_24_o> created at line 66
    Found 10-bit comparator lessequal for signal <joy_y[9]_GND_12_o_LessThan_26_o> created at line 67
    Found 10-bit comparator greater for signal <dot_y[9]_GND_12_o_LessThan_31_o> created at line 69
    Found 10-bit comparator greater for signal <PWR_12_o_joy_y[9]_LessThan_32_o> created at line 71
    Found 10-bit comparator greater for signal <PWR_12_o_joy_y[9]_LessThan_34_o> created at line 72
    Summary:
	inferred   8 Adder/Subtractor(s).
	inferred  20 D-type flip-flop(s).
	inferred  14 Comparator(s).
	inferred  12 Multiplexer(s).
Unit <update_joy2> synthesized.

Synthesizing Unit <mover>.
    Related source file is "C:\Users\152\M152A-project\mover.v".
        hbp = 144
        hfp = 784
        vbp = 31
        vfp = 511
    Found 10-bit register for signal <dot_y>.
    Found 10-bit register for signal <dot_x>.
    Found 10-bit adder for signal <dot_x[9]_GND_14_o_add_5_OUT> created at line 44.
    Found 10-bit adder for signal <dot_y[9]_GND_14_o_add_6_OUT> created at line 45.
    Summary:
	inferred   2 Adder/Subtractor(s).
	inferred  20 D-type flip-flop(s).
	inferred   2 Multiplexer(s).
Unit <mover> synthesized.

=========================================================================
HDL Synthesis Report

Macro Statistics
# RAMs                                                 : 3
 4x1-bit single-port Read Only RAM                     : 2
 65536x8-bit single-port Read Only RAM                 : 1
# Multipliers                                          : 4
 32x32-bit multiplier                                  : 4
# Adders/Subtractors                                   : 39
 10-bit adder                                          : 12
 10-bit subtractor                                     : 8
 11-bit subtractor                                     : 6
 18-bit adder                                          : 1
 3-bit adder                                           : 2
 32-bit adder                                          : 6
 5-bit adder                                           : 2
 8-bit subtractor                                      : 2
# Registers                                            : 44
 1-bit register                                        : 14
 10-bit register                                       : 8
 18-bit register                                       : 1
 2-bit register                                        : 2
 3-bit register                                        : 4
 32-bit register                                       : 4
 4-bit register                                        : 1
 40-bit register                                       : 4
 5-bit register                                        : 2
 7-bit register                                        : 1
 8-bit register                                        : 3
# Comparators                                          : 41
 10-bit comparator greater                             : 28
 10-bit comparator lessequal                           : 4
 12-bit comparator lessequal                           : 2
 13-bit comparator greater                             : 2
 32-bit comparator greater                             : 3
 5-bit comparator greater                              : 2
# Multiplexers                                         : 64
 1-bit 2-to-1 multiplexer                              : 10
 10-bit 2-to-1 multiplexer                             : 28
 2-bit 2-to-1 multiplexer                              : 4
 2-bit 4-to-1 multiplexer                              : 2
 3-bit 2-to-1 multiplexer                              : 18
 40-bit 2-to-1 multiplexer                             : 2
# FSMs                                                 : 1

=========================================================================

=========================================================================
*                       Advanced HDL Synthesis                          *
=========================================================================

WARNING:Xst:1290 - Hierarchical block <puck> is unconnected in block <U3>.
   It will be removed from the design.
INFO:Xst:2261 - The FF/Latch <seg_0> in Unit <U2> is equivalent to the following 2 FFs/Latches, which will be removed : <seg_4> <seg_5> 
WARNING:Xst:2677 - Node <DOUT_0> of sequential type is unconnected in block <jc>.
WARNING:Xst:2677 - Node <DOUT_1> of sequential type is unconnected in block <jc>.
WARNING:Xst:2677 - Node <DOUT_2> of sequential type is unconnected in block <jc>.
WARNING:Xst:2677 - Node <DOUT_3> of sequential type is unconnected in block <jc>.
WARNING:Xst:2677 - Node <DOUT_4> of sequential type is unconnected in block <jc>.
WARNING:Xst:2677 - Node <DOUT_5> of sequential type is unconnected in block <jc>.
WARNING:Xst:2677 - Node <DOUT_6> of sequential type is unconnected in block <jc>.
WARNING:Xst:2677 - Node <DOUT_7> of sequential type is unconnected in block <jc>.
WARNING:Xst:2677 - Node <DOUT_10> of sequential type is unconnected in block <jc>.
WARNING:Xst:2677 - Node <DOUT_11> of sequential type is unconnected in block <jc>.
WARNING:Xst:2677 - Node <DOUT_12> of sequential type is unconnected in block <jc>.
WARNING:Xst:2677 - Node <DOUT_13> of sequential type is unconnected in block <jc>.
WARNING:Xst:2677 - Node <DOUT_14> of sequential type is unconnected in block <jc>.
WARNING:Xst:2677 - Node <DOUT_15> of sequential type is unconnected in block <jc>.
WARNING:Xst:2677 - Node <DOUT_26> of sequential type is unconnected in block <jc>.
WARNING:Xst:2677 - Node <DOUT_27> of sequential type is unconnected in block <jc>.
WARNING:Xst:2677 - Node <DOUT_28> of sequential type is unconnected in block <jc>.
WARNING:Xst:2677 - Node <DOUT_29> of sequential type is unconnected in block <jc>.
WARNING:Xst:2677 - Node <DOUT_30> of sequential type is unconnected in block <jc>.
WARNING:Xst:2677 - Node <DOUT_31> of sequential type is unconnected in block <jc>.
WARNING:Xst:2677 - Node <DOUT_0> of sequential type is unconnected in block <jc>.
WARNING:Xst:2677 - Node <DOUT_1> of sequential type is unconnected in block <jc>.
WARNING:Xst:2677 - Node <DOUT_2> of sequential type is unconnected in block <jc>.
WARNING:Xst:2677 - Node <DOUT_3> of sequential type is unconnected in block <jc>.
WARNING:Xst:2677 - Node <DOUT_4> of sequential type is unconnected in block <jc>.
WARNING:Xst:2677 - Node <DOUT_5> of sequential type is unconnected in block <jc>.
WARNING:Xst:2677 - Node <DOUT_6> of sequential type is unconnected in block <jc>.
WARNING:Xst:2677 - Node <DOUT_7> of sequential type is unconnected in block <jc>.
WARNING:Xst:2677 - Node <DOUT_10> of sequential type is unconnected in block <jc>.
WARNING:Xst:2677 - Node <DOUT_11> of sequential type is unconnected in block <jc>.
WARNING:Xst:2677 - Node <DOUT_12> of sequential type is unconnected in block <jc>.
WARNING:Xst:2677 - Node <DOUT_13> of sequential type is unconnected in block <jc>.
WARNING:Xst:2677 - Node <DOUT_14> of sequential type is unconnected in block <jc>.
WARNING:Xst:2677 - Node <DOUT_15> of sequential type is unconnected in block <jc>.
WARNING:Xst:2677 - Node <DOUT_26> of sequential type is unconnected in block <jc>.
WARNING:Xst:2677 - Node <DOUT_27> of sequential type is unconnected in block <jc>.
WARNING:Xst:2677 - Node <DOUT_28> of sequential type is unconnected in block <jc>.
WARNING:Xst:2677 - Node <DOUT_29> of sequential type is unconnected in block <jc>.
WARNING:Xst:2677 - Node <DOUT_30> of sequential type is unconnected in block <jc>.
WARNING:Xst:2677 - Node <DOUT_31> of sequential type is unconnected in block <jc>.

Synthesizing (advanced) Unit <bounce>.
The following registers are absorbed into counter <counter>: 1 register on signal <counter>.
Unit <bounce> synthesized (advanced).

Synthesizing (advanced) Unit <clockdiv>.
The following registers are absorbed into counter <q>: 1 register on signal <q>.
Unit <clockdiv> synthesized (advanced).

Synthesizing (advanced) Unit <joy>.
The following registers are absorbed into counter <counter_joy>: 1 register on signal <counter_joy>.
Unit <joy> synthesized (advanced).

Synthesizing (advanced) Unit <joy_control>.
The following registers are absorbed into counter <byteCnt>: 1 register on signal <byteCnt>.
Unit <joy_control> synthesized (advanced).

Synthesizing (advanced) Unit <joy_interface>.
The following registers are absorbed into counter <bitCount>: 1 register on signal <bitCount>.
INFO:Xst:3231 - The small RAM <Mram_pState[1]_PWR_7_o_Mux_13_o> will be implemented on LUTs in order to maximize performance and save block RAM resources. If you want to force its implementation on block, use option/constraint ram_style.
    -----------------------------------------------------------------------
    | ram_type           | Distributed                         |          |
    -----------------------------------------------------------------------
    | Port A                                                              |
    |     aspect ratio   | 4-word x 1-bit                      |          |
    |     weA            | connected to signal <GND>           | high     |
    |     addrA          | connected to signal <pState>        |          |
    |     diA            | connected to signal <GND>           |          |
    |     doA            | connected to internal node          |          |
    -----------------------------------------------------------------------
Unit <joy_interface> synthesized (advanced).

Synthesizing (advanced) Unit <vga640x480>.
The following registers are absorbed into counter <counter_cursor>: 1 register on signal <counter_cursor>.
The following registers are absorbed into counter <hc>: 1 register on signal <hc>.
The following registers are absorbed into counter <vc>: 1 register on signal <vc>.
	Multiplier <Mmult_n0122> in block <vga640x480> and adder/subtractor <Madd_GND_9_o_GND_9_o_add_67_OUT> in block <vga640x480> are combined into a MAC<Maddsub_n0122>.
	Multiplier <Mmult_n0114> in block <vga640x480> and adder/subtractor <Madd_GND_9_o_GND_9_o_add_56_OUT> in block <vga640x480> are combined into a MAC<Maddsub_n0114>.
INFO:Xst:3226 - The RAM <Mram_ram_name_board> will be implemented as a BLOCK RAM, absorbing the following register(s): <output_data_board>
    -----------------------------------------------------------------------
    | ram_type           | Block                               |          |
    -----------------------------------------------------------------------
    | Port A                                                              |
    |     aspect ratio   | 65536-word x 8-bit                  |          |
    |     mode           | write-first                         |          |
    |     clkA           | connected to signal <clk>           | rise     |
    |     weA            | connected to signal <GND>           | high     |
    |     addrA          | connected to signal <(rom_pix_board,rom_addr_board)> |          |
    |     diA            | connected to signal <GND>           |          |
    |     doA            | connected to signal <output_data_board> |          |
    -----------------------------------------------------------------------
    | optimization       | speed                               |          |
    -----------------------------------------------------------------------
Unit <vga640x480> synthesized (advanced).

=========================================================================
Advanced HDL Synthesis Report

Macro Statistics
# RAMs                                                 : 3
 4x1-bit single-port distributed Read Only RAM         : 2
 65536x8-bit single-port block Read Only RAM           : 1
# MACs                                                 : 2
 11x11-to-32-bit MAC                                   : 2
# Multipliers                                          : 2
 11x11-bit multiplier                                  : 2
# Adders/Subtractors                                   : 26
 10-bit adder                                          : 10
 10-bit subtractor                                     : 8
 11-bit subtractor                                     : 4
 8-bit subtractor                                      : 4
# Counters                                             : 11
 10-bit up counter                                     : 2
 18-bit up counter                                     : 1
 3-bit up counter                                      : 2
 32-bit up counter                                     : 4
 5-bit up counter                                      : 2
# Registers                                            : 271
 Flip-Flops                                            : 271
# Comparators                                          : 41
 10-bit comparator greater                             : 28
 10-bit comparator lessequal                           : 4
 12-bit comparator lessequal                           : 2
 13-bit comparator greater                             : 2
 32-bit comparator greater                             : 3
 5-bit comparator greater                              : 2
# Multiplexers                                         : 60
 1-bit 2-to-1 multiplexer                              : 10
 10-bit 2-to-1 multiplexer                             : 26
 2-bit 2-to-1 multiplexer                              : 4
 2-bit 4-to-1 multiplexer                              : 2
 3-bit 2-to-1 multiplexer                              : 16
 40-bit 2-to-1 multiplexer                             : 2
# FSMs                                                 : 1

=========================================================================

=========================================================================
*                         Low Level Synthesis                           *
=========================================================================
INFO:Xst:2261 - The FF/Latch <seg_0> in Unit <segdisplay> is equivalent to the following 2 FFs/Latches, which will be removed : <seg_4> <seg_5> 
Analyzing FSM <MFsm> for best encoding.
Optimizing FSM <U2/FSM_0> on signal <state[1:4]> with one-hot encoding.
-------------------
 State | Encoding
-------------------
 00    | 0001
 01    | 0010
 10    | 0100
 11    | 1000
-------------------
WARNING:Xst:1710 - FF/Latch <dot_y_0> (without init value) has a constant value of 1 in block <update_joy1>. This FF/Latch will be trimmed during the optimization process.
WARNING:Xst:1895 - Due to other FF/Latch trimming, FF/Latch <dot_x_0> (without init value) has a constant value of 0 in block <update_joy1>. This FF/Latch will be trimmed during the optimization process.
WARNING:Xst:1710 - FF/Latch <dot_y_0> (without init value) has a constant value of 1 in block <update_joy2>. This FF/Latch will be trimmed during the optimization process.
WARNING:Xst:1895 - Due to other FF/Latch trimming, FF/Latch <dot_x_0> (without init value) has a constant value of 0 in block <update_joy2>. This FF/Latch will be trimmed during the optimization process.
INFO:Xst:2261 - The FF/Latch <an_3> in Unit <segdisplay> is equivalent to the following FF/Latch, which will be removed : <seg_2> 
INFO:Xst:2261 - The FF/Latch <an_2> in Unit <segdisplay> is equivalent to the following FF/Latch, which will be removed : <seg_3> 

Optimizing unit <NERP_demo_top> ...

Optimizing unit <bounce> ...

Optimizing unit <joy_control> ...

Optimizing unit <joy_interface> ...

Optimizing unit <vga640x480> ...

Optimizing unit <update_joy1> ...

Optimizing unit <update_joy2> ...

Optimizing unit <mover> ...

Optimizing unit <segdisplay> ...
WARNING:Xst:2677 - Node <joy1/jc/DOUT_31> of sequential type is unconnected in block <NERP_demo_top>.
WARNING:Xst:2677 - Node <joy1/jc/DOUT_30> of sequential type is unconnected in block <NERP_demo_top>.
WARNING:Xst:2677 - Node <joy1/jc/DOUT_29> of sequential type is unconnected in block <NERP_demo_top>.
WARNING:Xst:2677 - Node <joy1/jc/DOUT_28> of sequential type is unconnected in block <NERP_demo_top>.
WARNING:Xst:2677 - Node <joy1/jc/DOUT_27> of sequential type is unconnected in block <NERP_demo_top>.
WARNING:Xst:2677 - Node <joy1/jc/DOUT_26> of sequential type is unconnected in block <NERP_demo_top>.
WARNING:Xst:2677 - Node <joy1/jc/DOUT_15> of sequential type is unconnected in block <NERP_demo_top>.
WARNING:Xst:2677 - Node <joy1/jc/DOUT_14> of sequential type is unconnected in block <NERP_demo_top>.
WARNING:Xst:2677 - Node <joy1/jc/DOUT_13> of sequential type is unconnected in block <NERP_demo_top>.
WARNING:Xst:2677 - Node <joy1/jc/DOUT_12> of sequential type is unconnected in block <NERP_demo_top>.
WARNING:Xst:2677 - Node <joy1/jc/DOUT_11> of sequential type is unconnected in block <NERP_demo_top>.
WARNING:Xst:2677 - Node <joy1/jc/DOUT_10> of sequential type is unconnected in block <NERP_demo_top>.
WARNING:Xst:2677 - Node <joy1/jc/DOUT_7> of sequential type is unconnected in block <NERP_demo_top>.
WARNING:Xst:2677 - Node <joy1/jc/DOUT_6> of sequential type is unconnected in block <NERP_demo_top>.
WARNING:Xst:2677 - Node <joy1/jc/DOUT_5> of sequential type is unconnected in block <NERP_demo_top>.
WARNING:Xst:2677 - Node <joy1/jc/DOUT_4> of sequential type is unconnected in block <NERP_demo_top>.
WARNING:Xst:2677 - Node <joy1/jc/DOUT_3> of sequential type is unconnected in block <NERP_demo_top>.
WARNING:Xst:2677 - Node <joy1/jc/DOUT_2> of sequential type is unconnected in block <NERP_demo_top>.
WARNING:Xst:2677 - Node <joy1/jc/DOUT_1> of sequential type is unconnected in block <NERP_demo_top>.
WARNING:Xst:2677 - Node <joy1/jc/DOUT_0> of sequential type is unconnected in block <NERP_demo_top>.
WARNING:Xst:2677 - Node <joy2/jc/DOUT_31> of sequential type is unconnected in block <NERP_demo_top>.
WARNING:Xst:2677 - Node <joy2/jc/DOUT_30> of sequential type is unconnected in block <NERP_demo_top>.
WARNING:Xst:2677 - Node <joy2/jc/DOUT_29> of sequential type is unconnected in block <NERP_demo_top>.
WARNING:Xst:2677 - Node <joy2/jc/DOUT_28> of sequential type is unconnected in block <NERP_demo_top>.
WARNING:Xst:2677 - Node <joy2/jc/DOUT_27> of sequential type is unconnected in block <NERP_demo_top>.
WARNING:Xst:2677 - Node <joy2/jc/DOUT_26> of sequential type is unconnected in block <NERP_demo_top>.
WARNING:Xst:2677 - Node <joy2/jc/DOUT_15> of sequential type is unconnected in block <NERP_demo_top>.
WARNING:Xst:2677 - Node <joy2/jc/DOUT_14> of sequential type is unconnected in block <NERP_demo_top>.
WARNING:Xst:2677 - Node <joy2/jc/DOUT_13> of sequential type is unconnected in block <NERP_demo_top>.
WARNING:Xst:2677 - Node <joy2/jc/DOUT_12> of sequential type is unconnected in block <NERP_demo_top>.
WARNING:Xst:2677 - Node <joy2/jc/DOUT_11> of sequential type is unconnected in block <NERP_demo_top>.
WARNING:Xst:2677 - Node <joy2/jc/DOUT_10> of sequential type is unconnected in block <NERP_demo_top>.
WARNING:Xst:2677 - Node <joy2/jc/DOUT_7> of sequential type is unconnected in block <NERP_demo_top>.
WARNING:Xst:2677 - Node <joy2/jc/DOUT_6> of sequential type is unconnected in block <NERP_demo_top>.
WARNING:Xst:2677 - Node <joy2/jc/DOUT_5> of sequential type is unconnected in block <NERP_demo_top>.
WARNING:Xst:2677 - Node <joy2/jc/DOUT_4> of sequential type is unconnected in block <NERP_demo_top>.
WARNING:Xst:2677 - Node <joy2/jc/DOUT_3> of sequential type is unconnected in block <NERP_demo_top>.
WARNING:Xst:2677 - Node <joy2/jc/DOUT_2> of sequential type is unconnected in block <NERP_demo_top>.
WARNING:Xst:2677 - Node <joy2/jc/DOUT_1> of sequential type is unconnected in block <NERP_demo_top>.
WARNING:Xst:2677 - Node <joy2/jc/DOUT_0> of sequential type is unconnected in block <NERP_demo_top>.
WARNING:Xst:2677 - Node <U3/puck/dot_x_9> of sequential type is unconnected in block <NERP_demo_top>.
WARNING:Xst:2677 - Node <U3/puck/dot_x_8> of sequential type is unconnected in block <NERP_demo_top>.
WARNING:Xst:2677 - Node <U3/puck/dot_x_7> of sequential type is unconnected in block <NERP_demo_top>.
WARNING:Xst:2677 - Node <U3/puck/dot_x_6> of sequential type is unconnected in block <NERP_demo_top>.
WARNING:Xst:2677 - Node <U3/puck/dot_x_5> of sequential type is unconnected in block <NERP_demo_top>.
WARNING:Xst:2677 - Node <U3/puck/dot_x_4> of sequential type is unconnected in block <NERP_demo_top>.
WARNING:Xst:2677 - Node <U3/puck/dot_x_3> of sequential type is unconnected in block <NERP_demo_top>.
WARNING:Xst:2677 - Node <U3/puck/dot_x_2> of sequential type is unconnected in block <NERP_demo_top>.
WARNING:Xst:2677 - Node <U3/puck/dot_x_1> of sequential type is unconnected in block <NERP_demo_top>.
WARNING:Xst:2677 - Node <U3/puck/dot_x_0> of sequential type is unconnected in block <NERP_demo_top>.
WARNING:Xst:2677 - Node <U3/puck/dot_y_9> of sequential type is unconnected in block <NERP_demo_top>.
WARNING:Xst:2677 - Node <U3/puck/dot_y_8> of sequential type is unconnected in block <NERP_demo_top>.
WARNING:Xst:2677 - Node <U3/puck/dot_y_7> of sequential type is unconnected in block <NERP_demo_top>.
WARNING:Xst:2677 - Node <U3/puck/dot_y_6> of sequential type is unconnected in block <NERP_demo_top>.
WARNING:Xst:2677 - Node <U3/puck/dot_y_5> of sequential type is unconnected in block <NERP_demo_top>.
WARNING:Xst:2677 - Node <U3/puck/dot_y_4> of sequential type is unconnected in block <NERP_demo_top>.
WARNING:Xst:2677 - Node <U3/puck/dot_y_3> of sequential type is unconnected in block <NERP_demo_top>.
WARNING:Xst:2677 - Node <U3/puck/dot_y_2> of sequential type is unconnected in block <NERP_demo_top>.
WARNING:Xst:2677 - Node <U3/puck/dot_y_1> of sequential type is unconnected in block <NERP_demo_top>.
WARNING:Xst:2677 - Node <U3/puck/dot_y_0> of sequential type is unconnected in block <NERP_demo_top>.
INFO:Xst:2399 - RAMs <Mram_ram_name_board8>, <Mram_ram_name_board12> are equivalent, second RAM is removed
INFO:Xst:2399 - RAMs <Mram_ram_name_board8>, <Mram_ram_name_board32> are equivalent, second RAM is removed
WARNING:Xst:1293 - FF/Latch <R/counter_31> has a constant value of 0 in block <NERP_demo_top>. This FF/Latch will be trimmed during the optimization process.
WARNING:Xst:1896 - Due to other FF/Latch trimming, FF/Latch <R/counter_30> has a constant value of 0 in block <NERP_demo_top>. This FF/Latch will be trimmed during the optimization process.
WARNING:Xst:1896 - Due to other FF/Latch trimming, FF/Latch <R/counter_29> has a constant value of 0 in block <NERP_demo_top>. This FF/Latch will be trimmed during the optimization process.
WARNING:Xst:1896 - Due to other FF/Latch trimming, FF/Latch <R/counter_28> has a constant value of 0 in block <NERP_demo_top>. This FF/Latch will be trimmed during the optimization process.
WARNING:Xst:1896 - Due to other FF/Latch trimming, FF/Latch <R/counter_27> has a constant value of 0 in block <NERP_demo_top>. This FF/Latch will be trimmed during the optimization process.
WARNING:Xst:1896 - Due to other FF/Latch trimming, FF/Latch <R/counter_26> has a constant value of 0 in block <NERP_demo_top>. This FF/Latch will be trimmed during the optimization process.
WARNING:Xst:1896 - Due to other FF/Latch trimming, FF/Latch <R/counter_25> has a constant value of 0 in block <NERP_demo_top>. This FF/Latch will be trimmed during the optimization process.
WARNING:Xst:1895 - Due to other FF/Latch trimming, FF/Latch <U3/ball1/dot_x_9> (without init value) has a constant value of 0 in block <NERP_demo_top>. This FF/Latch will be trimmed during the optimization process.
WARNING:Xst:1895 - Due to other FF/Latch trimming, FF/Latch <U3/ball1/dot_y_9> (without init value) has a constant value of 0 in block <NERP_demo_top>. This FF/Latch will be trimmed during the optimization process.
WARNING:Xst:1895 - Due to other FF/Latch trimming, FF/Latch <U3/ball2/dot_x_9> (without init value) has a constant value of 1 in block <NERP_demo_top>. This FF/Latch will be trimmed during the optimization process.
WARNING:Xst:1895 - Due to other FF/Latch trimming, FF/Latch <U3/ball2/dot_x_8> (without init value) has a constant value of 0 in block <NERP_demo_top>. This FF/Latch will be trimmed during the optimization process.
WARNING:Xst:1895 - Due to other FF/Latch trimming, FF/Latch <U3/ball2/dot_y_9> (without init value) has a constant value of 0 in block <NERP_demo_top>. This FF/Latch will be trimmed during the optimization process.
INFO:Xst:2261 - The FF/Latch <joy1/counter_joy_0> in Unit <NERP_demo_top> is equivalent to the following FF/Latch, which will be removed : <joy2/counter_joy_0> 
INFO:Xst:2261 - The FF/Latch <joy1/counter_joy_1> in Unit <NERP_demo_top> is equivalent to the following FF/Latch, which will be removed : <joy2/counter_joy_1> 
INFO:Xst:2261 - The FF/Latch <joy1/counter_joy_2> in Unit <NERP_demo_top> is equivalent to the following FF/Latch, which will be removed : <joy2/counter_joy_2> 
INFO:Xst:2261 - The FF/Latch <joy1/counter_joy_3> in Unit <NERP_demo_top> is equivalent to the following FF/Latch, which will be removed : <joy2/counter_joy_3> 
INFO:Xst:2261 - The FF/Latch <joy1/counter_joy_4> in Unit <NERP_demo_top> is equivalent to the following FF/Latch, which will be removed : <joy2/counter_joy_4> 
INFO:Xst:2261 - The FF/Latch <joy1/counter_joy_5> in Unit <NERP_demo_top> is equivalent to the following FF/Latch, which will be removed : <joy2/counter_joy_5> 
INFO:Xst:2261 - The FF/Latch <joy1/counter_joy_6> in Unit <NERP_demo_top> is equivalent to the following FF/Latch, which will be removed : <joy2/counter_joy_6> 
INFO:Xst:2261 - The FF/Latch <joy1/counter_joy_7> in Unit <NERP_demo_top> is equivalent to the following FF/Latch, which will be removed : <joy2/counter_joy_7> 
INFO:Xst:2261 - The FF/Latch <joy1/counter_joy_8> in Unit <NERP_demo_top> is equivalent to the following FF/Latch, which will be removed : <joy2/counter_joy_8> 
INFO:Xst:2261 - The FF/Latch <joy1/counter_joy_9> in Unit <NERP_demo_top> is equivalent to the following FF/Latch, which will be removed : <joy2/counter_joy_9> 
INFO:Xst:2261 - The FF/Latch <joy1/counter_joy_10> in Unit <NERP_demo_top> is equivalent to the following FF/Latch, which will be removed : <joy2/counter_joy_10> 
INFO:Xst:2261 - The FF/Latch <joy1/counter_joy_11> in Unit <NERP_demo_top> is equivalent to the following FF/Latch, which will be removed : <joy2/counter_joy_11> 
INFO:Xst:2261 - The FF/Latch <joy1/counter_joy_12> in Unit <NERP_demo_top> is equivalent to the following FF/Latch, which will be removed : <joy2/counter_joy_12> 
INFO:Xst:2261 - The FF/Latch <joy1/counter_joy_13> in Unit <NERP_demo_top> is equivalent to the following FF/Latch, which will be removed : <joy2/counter_joy_13> 
INFO:Xst:2261 - The FF/Latch <joy1/counter_joy_14> in Unit <NERP_demo_top> is equivalent to the following FF/Latch, which will be removed : <joy2/counter_joy_14> 
INFO:Xst:2261 - The FF/Latch <joy1/counter_joy_15> in Unit <NERP_demo_top> is equivalent to the following FF/Latch, which will be removed : <joy2/counter_joy_15> 
INFO:Xst:2261 - The FF/Latch <joy1/counter_joy_20> in Unit <NERP_demo_top> is equivalent to the following FF/Latch, which will be removed : <joy2/counter_joy_20> 
INFO:Xst:2261 - The FF/Latch <joy1/counter_joy_16> in Unit <NERP_demo_top> is equivalent to the following FF/Latch, which will be removed : <joy2/counter_joy_16> 
INFO:Xst:2261 - The FF/Latch <joy1/counter_joy_21> in Unit <NERP_demo_top> is equivalent to the following FF/Latch, which will be removed : <joy2/counter_joy_21> 
INFO:Xst:2261 - The FF/Latch <joy1/counter_joy_17> in Unit <NERP_demo_top> is equivalent to the following FF/Latch, which will be removed : <joy2/counter_joy_17> 
INFO:Xst:2261 - The FF/Latch <joy1/counter_joy_22> in Unit <NERP_demo_top> is equivalent to the following FF/Latch, which will be removed : <joy2/counter_joy_22> 
INFO:Xst:2261 - The FF/Latch <joy1/counter_joy_18> in Unit <NERP_demo_top> is equivalent to the following FF/Latch, which will be removed : <joy2/counter_joy_18> 
INFO:Xst:2261 - The FF/Latch <joy1/counter_joy_23> in Unit <NERP_demo_top> is equivalent to the following FF/Latch, which will be removed : <joy2/counter_joy_23> 
INFO:Xst:2261 - The FF/Latch <joy1/counter_joy_19> in Unit <NERP_demo_top> is equivalent to the following FF/Latch, which will be removed : <joy2/counter_joy_19> 
INFO:Xst:2261 - The FF/Latch <joy1/counter_joy_24> in Unit <NERP_demo_top> is equivalent to the following FF/Latch, which will be removed : <joy2/counter_joy_24> 
INFO:Xst:2261 - The FF/Latch <joy1/counter_joy_25> in Unit <NERP_demo_top> is equivalent to the following FF/Latch, which will be removed : <joy2/counter_joy_25> 
INFO:Xst:2261 - The FF/Latch <joy1/counter_joy_30> in Unit <NERP_demo_top> is equivalent to the following FF/Latch, which will be removed : <joy2/counter_joy_30> 
INFO:Xst:2261 - The FF/Latch <joy1/counter_joy_26> in Unit <NERP_demo_top> is equivalent to the following FF/Latch, which will be removed : <joy2/counter_joy_26> 
INFO:Xst:2261 - The FF/Latch <joy1/counter_joy_31> in Unit <NERP_demo_top> is equivalent to the following FF/Latch, which will be removed : <joy2/counter_joy_31> 
INFO:Xst:2261 - The FF/Latch <joy1/counter_joy_27> in Unit <NERP_demo_top> is equivalent to the following FF/Latch, which will be removed : <joy2/counter_joy_27> 
INFO:Xst:2261 - The FF/Latch <joy1/counter_joy_28> in Unit <NERP_demo_top> is equivalent to the following FF/Latch, which will be removed : <joy2/counter_joy_28> 
INFO:Xst:2261 - The FF/Latch <joy1/counter_joy_29> in Unit <NERP_demo_top> is equivalent to the following FF/Latch, which will be removed : <joy2/counter_joy_29> 
INFO:Xst:2261 - The FF/Latch <joy2/clk_joy> in Unit <NERP_demo_top> is equivalent to the following FF/Latch, which will be removed : <joy1/clk_joy> 
INFO:Xst:3203 - The FF/Latch <U3/ball1/dot_x_8> in Unit <NERP_demo_top> is the opposite to the following FF/Latch, which will be removed : <U3/ball1/dot_x_7> 

Mapping all equations...
Building and optimizing final netlist ...
Found area constraint ratio of 100 (+ 5) on block NERP_demo_top, actual ratio is 7.
FlipFlop U2/seg_0 has been replicated 2 time(s) to handle iob=true attribute.

Final Macro Processing ...

=========================================================================
Final Register Report

Macro Statistics
# Registers                                            : 347
 Flip-Flops                                            : 347

=========================================================================

=========================================================================
*                           Partition Report                            *
=========================================================================

Partition Implementation Status
-------------------------------

  No Partitions were found in this design.

-------------------------------

=========================================================================
*                            Design Summary                             *
=========================================================================

Top Level Output File Name         : NERP_demo_top.ngc

Primitive and Black Box Usage:
------------------------------
# BELS                             : 1012
#      GND                         : 1
#      INV                         : 19
#      LUT1                        : 107
#      LUT2                        : 147
#      LUT3                        : 43
#      LUT4                        : 80
#      LUT5                        : 105
#      LUT6                        : 151
#      MUXCY                       : 180
#      MUXF7                       : 7
#      VCC                         : 1
#      XORCY                       : 171
# FlipFlops/Latches                : 347
#      FD                          : 60
#      FD_1                        : 8
#      FDC                         : 32
#      FDCE                        : 24
#      FDE                         : 22
#      FDE_1                       : 130
#      FDP                         : 11
#      FDPE                        : 14
#      FDR                         : 42
#      FDRE                        : 4
# RAMS                             : 30
#      RAMB16BWER                  : 30
# Clock Buffers                    : 3
#      BUFG                        : 2
#      BUFGP                       : 1
# IO Buffers                       : 41
#      IBUF                        : 4
#      OBUF                        : 37
# DSPs                             : 4
#      DSP48A1                     : 4

Device utilization summary:
---------------------------

Selected Device : 6slx16csg324-3 


Slice Logic Utilization: 
 Number of Slice Registers:             344  out of  18224     1%  
 Number of Slice LUTs:                  652  out of   9112     7%  
    Number used as Logic:               652  out of   9112     7%  

Slice Logic Distribution: 
 Number of LUT Flip Flop pairs used:    676
   Number with an unused Flip Flop:     332  out of    676    49%  
   Number with an unused LUT:            24  out of    676     3%  
   Number of fully used LUT-FF pairs:   320  out of    676    47%  
   Number of unique control sets:        24

IO Utilization: 
 Number of IOs:                          42
 Number of bonded IOBs:                  42  out of    232    18%  
    IOB Flip Flops/Latches:               3

Specific Feature Utilization:
 Number of Block RAM/FIFO:               30  out of     32    93%  
    Number using Block RAM only:         30
 Number of BUFG/BUFGCTRLs:                3  out of     16    18%  
 Number of DSP48A1s:                      4  out of     32    12%  

---------------------------
Partition Resource Summary:
---------------------------

  No Partitions were found in this design.

---------------------------


=========================================================================
Timing Report

NOTE: THESE TIMING NUMBERS ARE ONLY A SYNTHESIS ESTIMATE.
      FOR ACCURATE TIMING INFORMATION PLEASE REFER TO THE TRACE REPORT
      GENERATED AFTER PLACE-and-ROUTE.

Clock Information:
------------------
-----------------------------------+------------------------+-------+
Clock Signal                       | Clock buffer(FF name)  | Load  |
-----------------------------------+------------------------+-------+
clk                                | BUFGP                  | 174   |
joy2/clk_joy                       | BUFG                   | 170   |
U1/q_1                             | BUFG                   | 20    |
U1/q_17                            | NONE(U2/state_FSM_FFd4)| 13    |
-----------------------------------+------------------------+-------+
INFO:Xst:2169 - HDL ADVISOR - Some clock signals were not automatically buffered by XST with BUFG/BUFR resources. Please use the buffer_type constraint in order to insert these buffers to the clock signals to help prevent skew problems.

Asynchronous Control Signals Information:
----------------------------------------
No asynchronous control signals found in this design

Timing Summary:
---------------
Speed Grade: -3

   Minimum period: 5.245ns (Maximum Frequency: 190.672MHz)
   Minimum input arrival time before clock: 4.302ns
   Maximum output required time after clock: 16.551ns
   Maximum combinational path delay: No path found

Timing Details:
---------------
All values displayed in nanoseconds (ns)

=========================================================================
Timing constraint: Default period analysis for Clock 'clk'
  Clock period: 4.626ns (frequency: 216.153MHz)
  Total number of paths / destination ports: 5934 / 206
-------------------------------------------------------------------------
Delay:               4.626ns (Levels of Logic = 4)
  Source:            U3/ball1/dot_x_2 (FF)
  Destination:       U3/ball1/dot_x_8 (FF)
  Source Clock:      clk rising
  Destination Clock: clk rising

  Data Path: U3/ball1/dot_x_2 to U3/ball1/dot_x_8
                                Gate     Net
    Cell:in->out      fanout   Delay   Delay  Logical Name (Net Name)
    ----------------------------------------  ------------
     FDP:C->Q             14   0.447   1.186  U3/ball1/dot_x_2 (U3/ball1/dot_x_2)
     LUT6:I3->O            4   0.205   0.684  U3/ball1/Mmux_dot_x[9]_GND_10_o_mux_40_OUT931 (U3/ball1/Mmux_dot_x[9]_GND_10_o_mux_40_OUT93)
     LUT4:I3->O            1   0.205   0.808  U3/ball1/Mmux_dot_x[9]_GND_10_o_mux_40_OUT92_SW2 (N95)
     LUT5:I2->O            1   0.205   0.580  U3/ball1/Mmux_dot_x[9]_GND_10_o_mux_40_OUT93_SW0 (N147)
     LUT5:I4->O            1   0.205   0.000  U3/ball1/Mmux_dot_x[9]_GND_10_o_mux_40_OUT93 (U3/ball1/dot_x[9]_GND_10_o_mux_40_OUT<8>)
     FDCE:D                    0.102          U3/ball1/dot_x_8
    ----------------------------------------
    Total                      4.626ns (1.369ns logic, 3.257ns route)
                                       (29.6% logic, 70.4% route)

=========================================================================
Timing constraint: Default period analysis for Clock 'joy2/clk_joy'
  Clock period: 5.245ns (frequency: 190.672MHz)
  Total number of paths / destination ports: 822 / 330
-------------------------------------------------------------------------
Delay:               2.622ns (Levels of Logic = 1)
  Source:            joy1/ji/pState_1 (FF)
  Destination:       joy1/ji/rSR_7 (FF)
  Source Clock:      joy2/clk_joy falling
  Destination Clock: joy2/clk_joy rising

  Data Path: joy1/ji/pState_1 to joy1/ji/rSR_7
                                Gate     Net
    Cell:in->out      fanout   Delay   Delay  Logical Name (Net Name)
    ----------------------------------------  ------------
     FD_1:C->Q             6   0.447   0.849  joy1/ji/pState_1 (joy1/ji/pState_1)
     LUT3:I1->O            8   0.203   0.802  joy1/ji/GND_8_o_CE_AND_1_o1 (joy1/ji/GND_8_o_CE_AND_1_o)
     FDE:CE                    0.322          joy1/ji/rSR_0
    ----------------------------------------
    Total                      2.622ns (0.972ns logic, 1.650ns route)
                                       (37.1% logic, 62.9% route)

=========================================================================
Timing constraint: Default period analysis for Clock 'U1/q_1'
  Clock period: 4.172ns (frequency: 239.675MHz)
  Total number of paths / destination ports: 1161 / 30
-------------------------------------------------------------------------
Delay:               4.172ns (Levels of Logic = 2)
  Source:            U3/hc_0 (FF)
  Destination:       U3/vc_9 (FF)
  Source Clock:      U1/q_1 rising
  Destination Clock: U1/q_1 rising

  Data Path: U3/hc_0 to U3/vc_9
                                Gate     Net
    Cell:in->out      fanout   Delay   Delay  Logical Name (Net Name)
    ----------------------------------------  ------------
     FDC:C->Q             35   0.447   1.335  U3/hc_0 (U3/hc_0)
     LUT5:I4->O            8   0.205   0.803  U3/hc[9]_PWR_8_o_LessThan_19_o_inv1 (U3/hc[9]_PWR_8_o_LessThan_19_o_inv1)
     LUT6:I5->O           10   0.205   0.856  U3/hc[9]_PWR_8_o_LessThan_19_o_inv2 (U3/hc[9]_PWR_8_o_LessThan_19_o_inv)
     FDCE:CE                   0.322          U3/vc_0
    ----------------------------------------
    Total                      4.172ns (1.179ns logic, 2.993ns route)
                                       (28.3% logic, 71.7% route)

=========================================================================
Timing constraint: Default period analysis for Clock 'U1/q_17'
  Clock period: 1.984ns (frequency: 504.007MHz)
  Total number of paths / destination ports: 11 / 10
-------------------------------------------------------------------------
Delay:               1.984ns (Levels of Logic = 1)
  Source:            U2/state_FSM_FFd4 (FF)
  Destination:       U2/an_3 (FF)
  Source Clock:      U1/q_17 rising
  Destination Clock: U1/q_17 rising

  Data Path: U2/state_FSM_FFd4 to U2/an_3
                                Gate     Net
    Cell:in->out      fanout   Delay   Delay  Logical Name (Net Name)
    ----------------------------------------  ------------
     FDP:C->Q              3   0.447   0.650  U2/state_FSM_FFd4 (U2/state_FSM_FFd3-In)
     INV:I->O              1   0.206   0.579  U2/_n0021<10>1_INV_0 (U2/_n0021<10>)
     FDP:D                     0.102          U2/an_3
    ----------------------------------------
    Total                      1.984ns (0.755ns logic, 1.229ns route)
                                       (38.1% logic, 61.9% route)

=========================================================================
Timing constraint: Default OFFSET IN BEFORE for Clock 'clk'
  Total number of paths / destination ports: 83 / 79
-------------------------------------------------------------------------
Offset:              4.302ns (Levels of Logic = 3)
  Source:            rst (PAD)
  Destination:       R/counter_24 (FF)
  Destination Clock: clk rising

  Data Path: rst to R/counter_24
                                Gate     Net
    Cell:in->out      fanout   Delay   Delay  Logical Name (Net Name)
    ----------------------------------------  ------------
     IBUF:I->O            29   1.222   1.354  rst_IBUF (rst_IBUF)
     LUT2:I0->O            1   0.203   0.000  R/_n00321_lut (R/_n00321_lut)
     MUXCY:S->O            4   0.411   0.683  R/_n00321_cy1 (R/_n0032)
     FDRE:R                    0.430          R/counter_21
    ----------------------------------------
    Total                      4.302ns (2.266ns logic, 2.036ns route)
                                       (52.7% logic, 47.3% route)

=========================================================================
Timing constraint: Default OFFSET IN BEFORE for Clock 'joy2/clk_joy'
  Total number of paths / destination ports: 2 / 2
-------------------------------------------------------------------------
Offset:              1.903ns (Levels of Logic = 1)
  Source:            MISO_1 (PAD)
  Destination:       joy1/ji/rSR_0 (FF)
  Destination Clock: joy2/clk_joy rising

  Data Path: MISO_1 to joy1/ji/rSR_0
                                Gate     Net
    Cell:in->out      fanout   Delay   Delay  Logical Name (Net Name)
    ----------------------------------------  ------------
     IBUF:I->O             1   1.222   0.579  MISO_1_IBUF (MISO_1_IBUF)
     FDE:D                     0.102          joy1/ji/rSR_0
    ----------------------------------------
    Total                      1.903ns (1.324ns logic, 0.579ns route)
                                       (69.6% logic, 30.4% route)

=========================================================================
Timing constraint: Default OFFSET IN BEFORE for Clock 'U1/q_1'
  Total number of paths / destination ports: 20 / 20
-------------------------------------------------------------------------
Offset:              3.403ns (Levels of Logic = 1)
  Source:            clr (PAD)
  Destination:       U3/vc_9 (FF)
  Destination Clock: U1/q_1 rising

  Data Path: clr to U3/vc_9
                                Gate     Net
    Cell:in->out      fanout   Delay   Delay  Logical Name (Net Name)
    ----------------------------------------  ------------
     IBUF:I->O            81   1.222   1.751  clr_IBUF (clr_IBUF)
     FDC:CLR                   0.430          U3/hc_0
    ----------------------------------------
    Total                      3.403ns (1.652ns logic, 1.751ns route)
                                       (48.5% logic, 51.5% route)

=========================================================================
Timing constraint: Default OFFSET IN BEFORE for Clock 'U1/q_17'
  Total number of paths / destination ports: 13 / 13
-------------------------------------------------------------------------
Offset:              3.403ns (Levels of Logic = 1)
  Source:            clr (PAD)
  Destination:       U2/state_FSM_FFd4 (FF)
  Destination Clock: U1/q_17 rising

  Data Path: clr to U2/state_FSM_FFd4
                                Gate     Net
    Cell:in->out      fanout   Delay   Delay  Logical Name (Net Name)
    ----------------------------------------  ------------
     IBUF:I->O            81   1.222   1.751  clr_IBUF (clr_IBUF)
     FDP:PRE                   0.430          U2/an_0
    ----------------------------------------
    Total                      3.403ns (1.652ns logic, 1.751ns route)
                                       (48.5% logic, 51.5% route)

=========================================================================
Timing constraint: Default OFFSET OUT AFTER for Clock 'U1/q_17'
  Total number of paths / destination ports: 11 / 11
-------------------------------------------------------------------------
Offset:              3.634ns (Levels of Logic = 1)
  Source:            U2/an_2 (FF)
  Destination:       seg<3> (PAD)
  Source Clock:      U1/q_17 rising

  Data Path: U2/an_2 to seg<3>
                                Gate     Net
    Cell:in->out      fanout   Delay   Delay  Logical Name (Net Name)
    ----------------------------------------  ------------
     FDP:C->Q              2   0.447   0.616  U2/an_2 (U2/an_2)
     OBUF:I->O                 2.571          seg_3_OBUF (seg<3>)
    ----------------------------------------
    Total                      3.634ns (3.018ns logic, 0.616ns route)
                                       (83.0% logic, 17.0% route)

=========================================================================
Timing constraint: Default OFFSET OUT AFTER for Clock 'clk'
  Total number of paths / destination ports: 9813107 / 11
-------------------------------------------------------------------------
Offset:              16.525ns (Levels of Logic = 22)
  Source:            U3/ball1/dot_y_2 (FF)
  Destination:       red<2> (PAD)
  Source Clock:      clk rising

  Data Path: U3/ball1/dot_y_2 to red<2>
                                Gate     Net
    Cell:in->out      fanout   Delay   Delay  Logical Name (Net Name)
    ----------------------------------------  ------------
     FDPE:C->Q            15   0.447   0.982  U3/ball1/dot_y_2 (U3/ball1/dot_y_2)
     LUT2:I1->O            1   0.205   0.000  U3/Msub_GND_9_o_GND_9_o_sub_54_OUT_lut<2> (U3/Msub_GND_9_o_GND_9_o_sub_54_OUT_lut<2>)
     MUXCY:S->O            1   0.172   0.000  U3/Msub_GND_9_o_GND_9_o_sub_54_OUT_cy<2> (U3/Msub_GND_9_o_GND_9_o_sub_54_OUT_cy<2>)
     MUXCY:CI->O           1   0.019   0.000  U3/Msub_GND_9_o_GND_9_o_sub_54_OUT_cy<3> (U3/Msub_GND_9_o_GND_9_o_sub_54_OUT_cy<3>)
     MUXCY:CI->O           1   0.019   0.000  U3/Msub_GND_9_o_GND_9_o_sub_54_OUT_cy<4> (U3/Msub_GND_9_o_GND_9_o_sub_54_OUT_cy<4>)
     MUXCY:CI->O           1   0.019   0.000  U3/Msub_GND_9_o_GND_9_o_sub_54_OUT_cy<5> (U3/Msub_GND_9_o_GND_9_o_sub_54_OUT_cy<5>)
     MUXCY:CI->O           1   0.019   0.000  U3/Msub_GND_9_o_GND_9_o_sub_54_OUT_cy<6> (U3/Msub_GND_9_o_GND_9_o_sub_54_OUT_cy<6>)
     MUXCY:CI->O           1   0.019   0.000  U3/Msub_GND_9_o_GND_9_o_sub_54_OUT_cy<7> (U3/Msub_GND_9_o_GND_9_o_sub_54_OUT_cy<7>)
     MUXCY:CI->O           1   0.019   0.000  U3/Msub_GND_9_o_GND_9_o_sub_54_OUT_cy<8> (U3/Msub_GND_9_o_GND_9_o_sub_54_OUT_cy<8>)
     MUXCY:CI->O           0   0.019   0.000  U3/Msub_GND_9_o_GND_9_o_sub_54_OUT_cy<9> (U3/Msub_GND_9_o_GND_9_o_sub_54_OUT_cy<9>)
     XORCY:CI->O          16   0.180   1.004  U3/Msub_GND_9_o_GND_9_o_sub_54_OUT_xor<10> (U3/GND_9_o_GND_9_o_sub_54_OUT<10>)
     DSP48A1:A10->PCOUT47    1   4.469   0.000  U3/Mmult_n0116 (U3/Mmult_n0116_PCOUT_to_Maddsub_n0114_PCIN_47)
     DSP48A1:PCIN47->P1    2   2.264   0.961  U3/Maddsub_n0114 (U3/GND_9_o_GND_9_o_add_56_OUT<1>)
     LUT5:I0->O            1   0.203   0.000  U3/Mcompar_GND_9_o_GND_9_o_LessThan_58_o_lut<0> (U3/Mcompar_GND_9_o_GND_9_o_LessThan_58_o_lut<0>)
     MUXCY:S->O            1   0.172   0.000  U3/Mcompar_GND_9_o_GND_9_o_LessThan_58_o_cy<0> (U3/Mcompar_GND_9_o_GND_9_o_LessThan_58_o_cy<0>)
     MUXCY:CI->O           1   0.019   0.000  U3/Mcompar_GND_9_o_GND_9_o_LessThan_58_o_cy<1> (U3/Mcompar_GND_9_o_GND_9_o_LessThan_58_o_cy<1>)
     MUXCY:CI->O           1   0.019   0.000  U3/Mcompar_GND_9_o_GND_9_o_LessThan_58_o_cy<2> (U3/Mcompar_GND_9_o_GND_9_o_LessThan_58_o_cy<2>)
     MUXCY:CI->O           1   0.019   0.000  U3/Mcompar_GND_9_o_GND_9_o_LessThan_58_o_cy<3> (U3/Mcompar_GND_9_o_GND_9_o_LessThan_58_o_cy<3>)
     MUXCY:CI->O           1   0.019   0.000  U3/Mcompar_GND_9_o_GND_9_o_LessThan_58_o_cy<4> (U3/Mcompar_GND_9_o_GND_9_o_LessThan_58_o_cy<4>)
     MUXCY:CI->O           1   0.213   0.580  U3/Mcompar_GND_9_o_GND_9_o_LessThan_58_o_cy<5> (U3/Mcompar_GND_9_o_GND_9_o_LessThan_58_o_cy<5>)
     LUT3:I2->O            8   0.205   0.907  U3/Mcompar_GND_9_o_GND_9_o_LessThan_58_o_cy<6> (U3/Mcompar_GND_9_o_GND_9_o_LessThan_58_o_cy<6>)
     LUT5:I3->O            1   0.203   0.579  U3/Mmux_red31 (red_2_OBUF)
     OBUF:I->O                 2.571          red_2_OBUF (red<2>)
    ----------------------------------------
    Total                     16.525ns (11.513ns logic, 5.012ns route)
                                       (69.7% logic, 30.3% route)

=========================================================================
Timing constraint: Default OFFSET OUT AFTER for Clock 'U1/q_1'
  Total number of paths / destination ports: 23645606 / 10
-------------------------------------------------------------------------
Offset:              16.551ns (Levels of Logic = 18)
  Source:            U3/vc_6 (FF)
  Destination:       red<2> (PAD)
  Source Clock:      U1/q_1 rising

  Data Path: U3/vc_6 to red<2>
                                Gate     Net
    Cell:in->out      fanout   Delay   Delay  Logical Name (Net Name)
    ----------------------------------------  ------------
     FDCE:C->Q            15   0.447   1.086  U3/vc_6 (U3/vc_6)
     LUT2:I0->O            1   0.203   0.000  U3/Msub_GND_9_o_GND_9_o_sub_54_OUT_lut<6> (U3/Msub_GND_9_o_GND_9_o_sub_54_OUT_lut<6>)
     MUXCY:S->O            1   0.172   0.000  U3/Msub_GND_9_o_GND_9_o_sub_54_OUT_cy<6> (U3/Msub_GND_9_o_GND_9_o_sub_54_OUT_cy<6>)
     MUXCY:CI->O           1   0.019   0.000  U3/Msub_GND_9_o_GND_9_o_sub_54_OUT_cy<7> (U3/Msub_GND_9_o_GND_9_o_sub_54_OUT_cy<7>)
     MUXCY:CI->O           1   0.019   0.000  U3/Msub_GND_9_o_GND_9_o_sub_54_OUT_cy<8> (U3/Msub_GND_9_o_GND_9_o_sub_54_OUT_cy<8>)
     MUXCY:CI->O           0   0.019   0.000  U3/Msub_GND_9_o_GND_9_o_sub_54_OUT_cy<9> (U3/Msub_GND_9_o_GND_9_o_sub_54_OUT_cy<9>)
     XORCY:CI->O          16   0.180   1.004  U3/Msub_GND_9_o_GND_9_o_sub_54_OUT_xor<10> (U3/GND_9_o_GND_9_o_sub_54_OUT<10>)
     DSP48A1:A10->PCOUT47    1   4.469   0.000  U3/Mmult_n0116 (U3/Mmult_n0116_PCOUT_to_Maddsub_n0114_PCIN_47)
     DSP48A1:PCIN47->P1    2   2.264   0.961  U3/Maddsub_n0114 (U3/GND_9_o_GND_9_o_add_56_OUT<1>)
     LUT5:I0->O            1   0.203   0.000  U3/Mcompar_GND_9_o_GND_9_o_LessThan_58_o_lut<0> (U3/Mcompar_GND_9_o_GND_9_o_LessThan_58_o_lut<0>)
     MUXCY:S->O            1   0.172   0.000  U3/Mcompar_GND_9_o_GND_9_o_LessThan_58_o_cy<0> (U3/Mcompar_GND_9_o_GND_9_o_LessThan_58_o_cy<0>)
     MUXCY:CI->O           1   0.019   0.000  U3/Mcompar_GND_9_o_GND_9_o_LessThan_58_o_cy<1> (U3/Mcompar_GND_9_o_GND_9_o_LessThan_58_o_cy<1>)
     MUXCY:CI->O           1   0.019   0.000  U3/Mcompar_GND_9_o_GND_9_o_LessThan_58_o_cy<2> (U3/Mcompar_GND_9_o_GND_9_o_LessThan_58_o_cy<2>)
     MUXCY:CI->O           1   0.019   0.000  U3/Mcompar_GND_9_o_GND_9_o_LessThan_58_o_cy<3> (U3/Mcompar_GND_9_o_GND_9_o_LessThan_58_o_cy<3>)
     MUXCY:CI->O           1   0.019   0.000  U3/Mcompar_GND_9_o_GND_9_o_LessThan_58_o_cy<4> (U3/Mcompar_GND_9_o_GND_9_o_LessThan_58_o_cy<4>)
     MUXCY:CI->O           1   0.213   0.580  U3/Mcompar_GND_9_o_GND_9_o_LessThan_58_o_cy<5> (U3/Mcompar_GND_9_o_GND_9_o_LessThan_58_o_cy<5>)
     LUT3:I2->O            8   0.205   0.907  U3/Mcompar_GND_9_o_GND_9_o_LessThan_58_o_cy<6> (U3/Mcompar_GND_9_o_GND_9_o_LessThan_58_o_cy<6>)
     LUT5:I3->O            1   0.203   0.579  U3/Mmux_red31 (red_2_OBUF)
     OBUF:I->O                 2.571          red_2_OBUF (red<2>)
    ----------------------------------------
    Total                     16.551ns (11.435ns logic, 5.116ns route)
                                       (69.1% logic, 30.9% route)

=========================================================================
Timing constraint: Default OFFSET OUT AFTER for Clock 'joy2/clk_joy'
  Total number of paths / destination ports: 12 / 12
-------------------------------------------------------------------------
Offset:              4.521ns (Levels of Logic = 2)
  Source:            joy1/ji/CE (FF)
  Destination:       SCLK_1 (PAD)
  Source Clock:      joy2/clk_joy falling

  Data Path: joy1/ji/CE to SCLK_1
                                Gate     Net
    Cell:in->out      fanout   Delay   Delay  Logical Name (Net Name)
    ----------------------------------------  ------------
     FD_1:C->Q             2   0.447   0.721  joy1/ji/CE (joy1/ji/CE)
     LUT2:I0->O            1   0.203   0.579  joy1/ji/Mmux_SCLK11 (SCLK_1_OBUF)
     OBUF:I->O                 2.571          SCLK_1_OBUF (SCLK_1)
    ----------------------------------------
    Total                      4.521ns (3.221ns logic, 1.300ns route)
                                       (71.2% logic, 28.8% route)

=========================================================================

Cross Clock Domains Report:
--------------------------

Clock to Setup on destination clock U1/q_1
---------------+---------+---------+---------+---------+
               | Src:Rise| Src:Fall| Src:Rise| Src:Fall|
Source Clock   |Dest:Rise|Dest:Rise|Dest:Fall|Dest:Fall|
---------------+---------+---------+---------+---------+
U1/q_1         |    4.172|         |         |         |
---------------+---------+---------+---------+---------+

Clock to Setup on destination clock U1/q_17
---------------+---------+---------+---------+---------+
               | Src:Rise| Src:Fall| Src:Rise| Src:Fall|
Source Clock   |Dest:Rise|Dest:Rise|Dest:Fall|Dest:Fall|
---------------+---------+---------+---------+---------+
U1/q_17        |    1.984|         |         |         |
---------------+---------+---------+---------+---------+

Clock to Setup on destination clock clk
---------------+---------+---------+---------+---------+
               | Src:Rise| Src:Fall| Src:Rise| Src:Fall|
Source Clock   |Dest:Rise|Dest:Rise|Dest:Fall|Dest:Fall|
---------------+---------+---------+---------+---------+
U1/q_1         |    4.726|         |         |         |
clk            |    4.626|         |         |         |
joy2/clk_joy   |         |    6.944|         |         |
---------------+---------+---------+---------+---------+

Clock to Setup on destination clock joy2/clk_joy
---------------+---------+---------+---------+---------+
               | Src:Rise| Src:Fall| Src:Rise| Src:Fall|
Source Clock   |Dest:Rise|Dest:Rise|Dest:Fall|Dest:Fall|
---------------+---------+---------+---------+---------+
clk            |         |         |    1.469|         |
joy2/clk_joy   |    1.165|    2.622|    3.913|         |
---------------+---------+---------+---------+---------+

=========================================================================


Total REAL time to Xst completion: 21.00 secs
Total CPU time to Xst completion: 21.39 secs
 
--> 

Total memory usage is 281592 kilobytes

Number of errors   :    0 (   0 filtered)
Number of warnings :  172 (   0 filtered)
Number of infos    :   49 (   0 filtered)

